Release 14.7 - xst P.20131013 (lin64)
Copyright (c) 1995-2013 Xilinx, Inc.  All rights reserved.
--> 
Parameter TMPDIR set to xst/projnav.tmp


Total REAL time to Xst completion: 0.00 secs
Total CPU time to Xst completion: 0.05 secs
 
--> 
Parameter xsthdpdir set to xst


Total REAL time to Xst completion: 0.00 secs
Total CPU time to Xst completion: 0.05 secs
 
--> 
Reading design: LCD_MIN.prj

TABLE OF CONTENTS
  1) Synthesis Options Summary
  2) HDL Compilation
  3) Design Hierarchy Analysis
  4) HDL Analysis
  5) HDL Synthesis
     5.1) HDL Synthesis Report
  6) Advanced HDL Synthesis
     6.1) Advanced HDL Synthesis Report
  7) Low Level Synthesis
  8) Partition Report
  9) Final Report
	9.1) Device utilization summary
	9.2) Partition Resource Summary
	9.3) TIMING REPORT


=========================================================================
*                      Synthesis Options Summary                        *
=========================================================================
---- Source Parameters
Input File Name                    : "LCD_MIN.prj"
Input Format                       : mixed
Ignore Synthesis Constraint File   : NO

---- Target Parameters
Output File Name                   : "LCD_MIN"
Output Format                      : NGC
Target Device                      : xc3s500e-4-fg320

---- Source Options
Top Module Name                    : LCD_MIN
Automatic FSM Extraction           : YES
FSM Encoding Algorithm             : Auto
Safe Implementation                : No
FSM Style                          : LUT
RAM Extraction                     : Yes
RAM Style                          : Auto
ROM Extraction                     : Yes
Mux Style                          : Auto
Decoder Extraction                 : YES
Priority Encoder Extraction        : Yes
Shift Register Extraction          : YES
Logical Shifter Extraction         : YES
XOR Collapsing                     : YES
ROM Style                          : Auto
Mux Extraction                     : Yes
Resource Sharing                   : YES
Asynchronous To Synchronous        : NO
Multiplier Style                   : Auto
Automatic Register Balancing       : No

---- Target Options
Add IO Buffers                     : YES
Global Maximum Fanout              : 100000
Add Generic Clock Buffer(BUFG)     : 24
Register Duplication               : YES
Slice Packing                      : YES
Optimize Instantiated Primitives   : NO
Use Clock Enable                   : Yes
Use Synchronous Set                : Yes
Use Synchronous Reset              : Yes
Pack IO Registers into IOBs        : Auto
Equivalent register Removal        : YES

---- General Options
Optimization Goal                  : Speed
Optimization Effort                : 1
Keep Hierarchy                     : No
Netlist Hierarchy                  : As_Optimized
RTL Output                         : Yes
Global Optimization                : AllClockNets
Read Cores                         : YES
Write Timing Constraints           : NO
Cross Clock Analysis               : NO
Hierarchy Separator                : /
Bus Delimiter                      : <>
Case Specifier                     : Maintain
Slice Utilization Ratio            : 100
BRAM Utilization Ratio             : 100
Verilog 2001                       : YES
Auto BRAM Packing                  : NO
Slice Utilization Ratio Delta      : 5

=========================================================================


=========================================================================
*                          HDL Compilation                              *
=========================================================================
Compiling verilog file "LCD.v" in library work
ERROR:HDLCompilers:207 - "LCD.v" line 24 Signal 'min' is not referenced in the module port list
ERROR:HDLCompilers:28 - "LCD.v" line 36 'step' has not been declared
ERROR:HDLCompilers:28 - "LCD.v" line 39 'step' has not been declared
ERROR:HDLCompilers:28 - "LCD.v" line 39 'step' has not been declared
ERROR:HDLCompilers:28 - "LCD.v" line 44 'lcd_w' has not been declared
ERROR:HDLCompilers:28 - "LCD.v" line 46 'step' has not been declared
ERROR:HDLCompilers:28 - "LCD.v" line 46 'step' has not been declared
ERROR:HDLCompilers:28 - "LCD.v" line 51 'step' has not been declared
ERROR:HDLCompilers:28 - "LCD.v" line 51 'step' has not been declared
ERROR:HDLCompilers:28 - "LCD.v" line 56 'step' has not been declared
ERROR:HDLCompilers:28 - "LCD.v" line 56 'step' has not been declared
ERROR:HDLCompilers:28 - "LCD.v" line 61 'lcd_w' has not been declared
ERROR:HDLCompilers:28 - "LCD.v" line 63 'step' has not been declared
ERROR:HDLCompilers:28 - "LCD.v" line 63 'step' has not been declared
ERROR:HDLCompilers:28 - "LCD.v" line 68 'step' has not been declared
ERROR:HDLCompilers:28 - "LCD.v" line 68 'step' has not been declared
ERROR:HDLCompilers:28 - "LCD.v" line 73 'step' has not been declared
ERROR:HDLCompilers:28 - "LCD.v" line 73 'step' has not been declared
ERROR:HDLCompilers:28 - "LCD.v" line 78 'lcd_w' has not been declared
ERROR:HDLCompilers:28 - "LCD.v" line 80 'step' has not been declared
ERROR:HDLCompilers:28 - "LCD.v" line 80 'step' has not been declared
ERROR:HDLCompilers:28 - "LCD.v" line 85 'step' has not been declared
ERROR:HDLCompilers:28 - "LCD.v" line 87 'step' has not been declared
ERROR:HDLCompilers:28 - "LCD.v" line 93 'step' has not been declared
ERROR:HDLCompilers:28 - "LCD.v" line 96 'step' has not been declared
ERROR:HDLCompilers:28 - "LCD.v" line 96 'step' has not been declared
ERROR:HDLCompilers:28 - "LCD.v" line 101 'lcd_w' has not been declared
ERROR:HDLCompilers:28 - "LCD.v" line 103 'step' has not been declared
ERROR:HDLCompilers:28 - "LCD.v" line 103 'step' has not been declared
ERROR:HDLCompilers:28 - "LCD.v" line 108 'step' has not been declared
ERROR:HDLCompilers:28 - "LCD.v" line 108 'step' has not been declared
ERROR:HDLCompilers:28 - "LCD.v" line 113 'step' has not been declared
ERROR:HDLCompilers:28 - "LCD.v" line 113 'step' has not been declared
ERROR:HDLCompilers:28 - "LCD.v" line 118 'lcd_w' has not been declared
ERROR:HDLCompilers:28 - "LCD.v" line 120 'step' has not been declared
ERROR:HDLCompilers:28 - "LCD.v" line 120 'step' has not been declared
ERROR:HDLCompilers:28 - "LCD.v" line 125 'step' has not been declared
ERROR:HDLCompilers:28 - "LCD.v" line 127 'step' has not been declared
ERROR:HDLCompilers:28 - "LCD.v" line 133 'step' has not been declared
ERROR:HDLCompilers:28 - "LCD.v" line 136 'step' has not been declared
ERROR:HDLCompilers:28 - "LCD.v" line 136 'step' has not been declared
ERROR:HDLCompilers:28 - "LCD.v" line 141 'lcd_w' has not been declared
ERROR:HDLCompilers:28 - "LCD.v" line 143 'step' has not been declared
ERROR:HDLCompilers:28 - "LCD.v" line 143 'step' has not been declared
ERROR:HDLCompilers:28 - "LCD.v" line 148 'step' has not been declared
ERROR:HDLCompilers:28 - "LCD.v" line 148 'step' has not been declared
ERROR:HDLCompilers:28 - "LCD.v" line 153 'step' has not been declared
ERROR:HDLCompilers:28 - "LCD.v" line 153 'step' has not been declared
ERROR:HDLCompilers:28 - "LCD.v" line 158 'lcd_w' has not been declared
ERROR:HDLCompilers:28 - "LCD.v" line 160 'step' has not been declared
ERROR:HDLCompilers:28 - "LCD.v" line 160 'step' has not been declared
ERROR:HDLCompilers:28 - "LCD.v" line 165 'step' has not been declared
ERROR:HDLCompilers:28 - "LCD.v" line 167 'step' has not been declared
ERROR:HDLCompilers:28 - "LCD.v" line 173 'step' has not been declared
ERROR:HDLCompilers:28 - "LCD.v" line 176 'step' has not been declared
ERROR:HDLCompilers:28 - "LCD.v" line 176 'step' has not been declared
ERROR:HDLCompilers:28 - "LCD.v" line 181 'lcd_w' has not been declared
ERROR:HDLCompilers:28 - "LCD.v" line 183 'step' has not been declared
ERROR:HDLCompilers:28 - "LCD.v" line 183 'step' has not been declared
ERROR:HDLCompilers:28 - "LCD.v" line 188 'step' has not been declared
ERROR:HDLCompilers:28 - "LCD.v" line 188 'step' has not been declared
ERROR:HDLCompilers:28 - "LCD.v" line 193 'step' has not been declared
ERROR:HDLCompilers:28 - "LCD.v" line 193 'step' has not been declared
ERROR:HDLCompilers:28 - "LCD.v" line 198 'lcd_w' has not been declared
ERROR:HDLCompilers:28 - "LCD.v" line 200 'step' has not been declared
ERROR:HDLCompilers:28 - "LCD.v" line 200 'step' has not been declared
ERROR:HDLCompilers:28 - "LCD.v" line 205 'step' has not been declared
ERROR:HDLCompilers:28 - "LCD.v" line 207 'step' has not been declared
ERROR:HDLCompilers:28 - "LCD.v" line 213 'step' has not been declared
ERROR:HDLCompilers:28 - "LCD.v" line 216 'step' has not been declared
ERROR:HDLCompilers:28 - "LCD.v" line 216 'step' has not been declared
ERROR:HDLCompilers:28 - "LCD.v" line 221 'lcd_w' has not been declared
ERROR:HDLCompilers:28 - "LCD.v" line 223 'step' has not been declared
ERROR:HDLCompilers:28 - "LCD.v" line 223 'step' has not been declared
ERROR:HDLCompilers:28 - "LCD.v" line 228 'step' has not been declared
ERROR:HDLCompilers:28 - "LCD.v" line 228 'step' has not been declared
ERROR:HDLCompilers:28 - "LCD.v" line 233 'step' has not been declared
ERROR:HDLCompilers:28 - "LCD.v" line 233 'step' has not been declared
ERROR:HDLCompilers:28 - "LCD.v" line 238 'lcd_w' has not been declared
ERROR:HDLCompilers:28 - "LCD.v" line 240 'step' has not been declared
ERROR:HDLCompilers:28 - "LCD.v" line 240 'step' has not been declared
ERROR:HDLCompilers:28 - "LCD.v" line 245 'step' has not been declared
ERROR:HDLCompilers:28 - "LCD.v" line 247 'step' has not been declared
ERROR:HDLCompilers:28 - "LCD.v" line 253 'step' has not been declared
ERROR:HDLCompilers:28 - "LCD.v" line 256 'step' has not been declared
ERROR:HDLCompilers:28 - "LCD.v" line 256 'step' has not been declared
ERROR:HDLCompilers:28 - "LCD.v" line 261 'lcd_w' has not been declared
ERROR:HDLCompilers:28 - "LCD.v" line 263 'step' has not been declared
ERROR:HDLCompilers:28 - "LCD.v" line 263 'step' has not been declared
ERROR:HDLCompilers:28 - "LCD.v" line 268 'step' has not been declared
ERROR:HDLCompilers:28 - "LCD.v" line 268 'step' has not been declared
ERROR:HDLCompilers:28 - "LCD.v" line 273 'step' has not been declared
ERROR:HDLCompilers:28 - "LCD.v" line 273 'step' has not been declared
ERROR:HDLCompilers:28 - "LCD.v" line 278 'lcd_w' has not been declared
ERROR:HDLCompilers:28 - "LCD.v" line 280 'step' has not been declared
ERROR:HDLCompilers:28 - "LCD.v" line 280 'step' has not been declared
ERROR:HDLCompilers:28 - "LCD.v" line 285 'step' has not been declared
ERROR:HDLCompilers:28 - "LCD.v" line 287 'step' has not been declared
ERROR:HDLCompilers:28 - "LCD.v" line 293 'step' has not been declared
ERROR:HDLCompilers:28 - "LCD.v" line 296 'step' has not been declared
ERROR:HDLCompilers:28 - "LCD.v" line 296 'step' has not been declared
ERROR:HDLCompilers:28 - "LCD.v" line 301 'lcd_w' has not been declared
ERROR:HDLCompilers:28 - "LCD.v" line 303 'step' has not been declared
ERROR:HDLCompilers:28 - "LCD.v" line 303 'step' has not been declared
ERROR:HDLCompilers:28 - "LCD.v" line 308 'step' has not been declared
ERROR:HDLCompilers:28 - "LCD.v" line 308 'step' has not been declared
ERROR:HDLCompilers:28 - "LCD.v" line 313 'step' has not been declared
ERROR:HDLCompilers:28 - "LCD.v" line 313 'step' has not been declared
ERROR:HDLCompilers:28 - "LCD.v" line 318 'lcd_w' has not been declared
ERROR:HDLCompilers:28 - "LCD.v" line 320 'step' has not been declared
ERROR:HDLCompilers:28 - "LCD.v" line 320 'step' has not been declared
ERROR:HDLCompilers:28 - "LCD.v" line 325 'step' has not been declared
ERROR:HDLCompilers:28 - "LCD.v" line 327 'step' has not been declared
Compiling verilog file "minimum.v" in library work
Module <LCD> compiled
Compiling verilog file "LCD_MIN.v" in library work
Module <minimum> compiled
Module <LCD_MIN> compiled
Analysis of file <"LCD_MIN.prj"> failed.
--> 


Total memory usage is 497304 kilobytes

Number of errors   :  113 (   0 filtered)
Number of warnings :    0 (   0 filtered)
Number of infos    :    0 (   0 filtered)

