Release 14.7 - xst P.20131013 (lin64)
Copyright (c) 1995-2013 Xilinx, Inc.  All rights reserved.
--> 
Parameter TMPDIR set to xst/projnav.tmp


Total REAL time to Xst completion: 0.00 secs
Total CPU time to Xst completion: 0.04 secs
 
--> 
Parameter xsthdpdir set to xst


Total REAL time to Xst completion: 0.00 secs
Total CPU time to Xst completion: 0.04 secs
 
--> 
Reading design: LCD_MIN.prj

TABLE OF CONTENTS
  1) Synthesis Options Summary
  2) HDL Compilation
  3) Design Hierarchy Analysis
  4) HDL Analysis
  5) HDL Synthesis
     5.1) HDL Synthesis Report
  6) Advanced HDL Synthesis
     6.1) Advanced HDL Synthesis Report
  7) Low Level Synthesis
  8) Partition Report
  9) Final Report
	9.1) Device utilization summary
	9.2) Partition Resource Summary
	9.3) TIMING REPORT


=========================================================================
*                      Synthesis Options Summary                        *
=========================================================================
---- Source Parameters
Input File Name                    : "LCD_MIN.prj"
Input Format                       : mixed
Ignore Synthesis Constraint File   : NO

---- Target Parameters
Output File Name                   : "LCD_MIN"
Output Format                      : NGC
Target Device                      : xc3s500e-4-fg320

---- Source Options
Top Module Name                    : LCD_MIN
Automatic FSM Extraction           : YES
FSM Encoding Algorithm             : Auto
Safe Implementation                : No
FSM Style                          : LUT
RAM Extraction                     : Yes
RAM Style                          : Auto
ROM Extraction                     : Yes
Mux Style                          : Auto
Decoder Extraction                 : YES
Priority Encoder Extraction        : Yes
Shift Register Extraction          : YES
Logical Shifter Extraction         : YES
XOR Collapsing                     : YES
ROM Style                          : Auto
Mux Extraction                     : Yes
Resource Sharing                   : YES
Asynchronous To Synchronous        : NO
Multiplier Style                   : Auto
Automatic Register Balancing       : No

---- Target Options
Add IO Buffers                     : YES
Global Maximum Fanout              : 500
Add Generic Clock Buffer(BUFG)     : 24
Register Duplication               : YES
Slice Packing                      : YES
Optimize Instantiated Primitives   : NO
Use Clock Enable                   : Yes
Use Synchronous Set                : Yes
Use Synchronous Reset              : Yes
Pack IO Registers into IOBs        : Auto
Equivalent register Removal        : YES

---- General Options
Optimization Goal                  : Speed
Optimization Effort                : 1
Keep Hierarchy                     : No
Netlist Hierarchy                  : As_Optimized
RTL Output                         : Yes
Global Optimization                : AllClockNets
Read Cores                         : YES
Write Timing Constraints           : NO
Cross Clock Analysis               : NO
Hierarchy Separator                : /
Bus Delimiter                      : <>
Case Specifier                     : Maintain
Slice Utilization Ratio            : 100
BRAM Utilization Ratio             : 100
Verilog 2001                       : YES
Auto BRAM Packing                  : NO
Slice Utilization Ratio Delta      : 5

=========================================================================


=========================================================================
*                          HDL Compilation                              *
=========================================================================
Compiling verilog file "LCD_MIN.v" in library work
Module <LCD_MIN> compiled
No errors in compilation
Analysis of file <"LCD_MIN.prj"> succeeded.
 

=========================================================================
*                     Design Hierarchy Analysis                         *
=========================================================================
Analyzing hierarchy for module <LCD_MIN> in library <work>.


=========================================================================
*                            HDL Analysis                               *
=========================================================================
Analyzing top module <LCD_MIN>.
Module <LCD_MIN> is correct for synthesis.
 

=========================================================================
*                           HDL Synthesis                               *
=========================================================================

Performing bidirectional port resolution...

Synthesizing Unit <LCD_MIN>.
    Related source file is "LCD_MIN.v".
    Found 12-bit register for signal <A>.
    Summary:
	inferred  12 D-type flip-flop(s).
Unit <LCD_MIN> synthesized.


=========================================================================
HDL Synthesis Report

Macro Statistics
# Registers                                            : 12
 1-bit register                                        : 12

=========================================================================

=========================================================================
*                       Advanced HDL Synthesis                          *
=========================================================================


=========================================================================
Advanced HDL Synthesis Report

Macro Statistics
# Registers                                            : 12
 Flip-Flops                                            : 12

=========================================================================

=========================================================================
*                         Low Level Synthesis                           *
=========================================================================

Optimizing unit <LCD_MIN> ...

Mapping all equations...
Building and optimizing final netlist ...
Found area constraint ratio of 100 (+ 5) on block LCD_MIN, actual ratio is 0.

Final Macro Processing ...

=========================================================================
Final Register Report

Macro Statistics
# Registers                                            : 12
 Flip-Flops                                            : 12

=========================================================================

=========================================================================
*                           Partition Report                            *
=========================================================================

Partition Implementation Status
-------------------------------

  No Partitions were found in this design.

-------------------------------

=========================================================================
*                            Final Report                               *
=========================================================================
Final Results
RTL Top Level Output File Name     : LCD_MIN.ngr
Top Level Output File Name         : LCD_MIN
Output Format                      : NGC
Optimization Goal                  : Speed
Keep Hierarchy                     : No

Design Statistics
# IOs                              : 19

Cell Usage :
# FlipFlops/Latches                : 12
#      FD                          : 12
# Clock Buffers                    : 4
#      BUFGP                       : 4
# IO Buffers                       : 15
#      IBUF                        : 3
#      OBUF                        : 12
=========================================================================

Device utilization summary:
---------------------------

Selected Device : 3s500efg320-4 

 Number of Slices:                        0  out of   4656     0%  
 Number of IOs:                          19
 Number of bonded IOBs:                  19  out of    232     8%  
    IOB Flip Flops:                      12
 Number of GCLKs:                         4  out of     24    16%  

---------------------------
Partition Resource Summary:
---------------------------

  No Partitions were found in this design.

---------------------------


=========================================================================
TIMING REPORT

NOTE: THESE TIMING NUMBERS ARE ONLY A SYNTHESIS ESTIMATE.
      FOR ACCURATE TIMING INFORMATION PLEASE REFER TO THE TRACE REPORT
      GENERATED AFTER PLACE-and-ROUTE.

Clock Information:
------------------
-----------------------------------+------------------------+-------+
Clock Signal                       | Clock buffer(FF name)  | Load  |
-----------------------------------+------------------------+-------+
PB1                                | BUFGP                  | 3     |
PB2                                | BUFGP                  | 3     |
PB3                                | BUFGP                  | 3     |
PB4                                | BUFGP                  | 3     |
-----------------------------------+------------------------+-------+

Asynchronous Control Signals Information:
----------------------------------------
No asynchronous control signals found in this design

Timing Summary:
---------------
Speed Grade: -4

   Minimum period: No path found
   Minimum input arrival time before clock: 2.113ns
   Maximum output required time after clock: 4.283ns
   Maximum combinational path delay: No path found

Timing Detail:
--------------
All values displayed in nanoseconds (ns)

=========================================================================
Timing constraint: Default OFFSET IN BEFORE for Clock 'PB1'
  Total number of paths / destination ports: 3 / 3
-------------------------------------------------------------------------
Offset:              2.113ns (Levels of Logic = 1)
  Source:            Y<0> (PAD)
  Destination:       A_0 (FF)
  Destination Clock: PB1 rising

  Data Path: Y<0> to A_0
                                Gate     Net
    Cell:in->out      fanout   Delay   Delay  Logical Name (Net Name)
    ----------------------------------------  ------------
     IBUF:I->O             4   1.218   0.587  Y_0_IBUF (Y_0_IBUF)
     FD:D                      0.308          A_0
    ----------------------------------------
    Total                      2.113ns (1.526ns logic, 0.587ns route)
                                       (72.2% logic, 27.8% route)

=========================================================================
Timing constraint: Default OFFSET IN BEFORE for Clock 'PB2'
  Total number of paths / destination ports: 3 / 3
-------------------------------------------------------------------------
Offset:              2.113ns (Levels of Logic = 1)
  Source:            Y<0> (PAD)
  Destination:       A_3 (FF)
  Destination Clock: PB2 rising

  Data Path: Y<0> to A_3
                                Gate     Net
    Cell:in->out      fanout   Delay   Delay  Logical Name (Net Name)
    ----------------------------------------  ------------
     IBUF:I->O             4   1.218   0.587  Y_0_IBUF (Y_0_IBUF)
     FD:D                      0.308          A_3
    ----------------------------------------
    Total                      2.113ns (1.526ns logic, 0.587ns route)
                                       (72.2% logic, 27.8% route)

=========================================================================
Timing constraint: Default OFFSET IN BEFORE for Clock 'PB3'
  Total number of paths / destination ports: 3 / 3
-------------------------------------------------------------------------
Offset:              2.113ns (Levels of Logic = 1)
  Source:            Y<0> (PAD)
  Destination:       A_6 (FF)
  Destination Clock: PB3 rising

  Data Path: Y<0> to A_6
                                Gate     Net
    Cell:in->out      fanout   Delay   Delay  Logical Name (Net Name)
    ----------------------------------------  ------------
     IBUF:I->O             4   1.218   0.587  Y_0_IBUF (Y_0_IBUF)
     FD:D                      0.308          A_6
    ----------------------------------------
    Total                      2.113ns (1.526ns logic, 0.587ns route)
                                       (72.2% logic, 27.8% route)

=========================================================================
Timing constraint: Default OFFSET IN BEFORE for Clock 'PB4'
  Total number of paths / destination ports: 3 / 3
-------------------------------------------------------------------------
Offset:              2.113ns (Levels of Logic = 1)
  Source:            Y<0> (PAD)
  Destination:       A_9 (FF)
  Destination Clock: PB4 rising

  Data Path: Y<0> to A_9
                                Gate     Net
    Cell:in->out      fanout   Delay   Delay  Logical Name (Net Name)
    ----------------------------------------  ------------
     IBUF:I->O             4   1.218   0.587  Y_0_IBUF (Y_0_IBUF)
     FD:D                      0.308          A_9
    ----------------------------------------
    Total                      2.113ns (1.526ns logic, 0.587ns route)
                                       (72.2% logic, 27.8% route)

=========================================================================
Timing constraint: Default OFFSET OUT AFTER for Clock 'PB4'
  Total number of paths / destination ports: 3 / 3
-------------------------------------------------------------------------
Offset:              4.283ns (Levels of Logic = 1)
  Source:            A_11 (FF)
  Destination:       A<11> (PAD)
  Source Clock:      PB4 rising

  Data Path: A_11 to A<11>
                                Gate     Net
    Cell:in->out      fanout   Delay   Delay  Logical Name (Net Name)
    ----------------------------------------  ------------
     FD:C->Q               1   0.591   0.420  A_11 (A_11)
     OBUF:I->O                 3.272          A_11_OBUF (A<11>)
    ----------------------------------------
    Total                      4.283ns (3.863ns logic, 0.420ns route)
                                       (90.2% logic, 9.8% route)

=========================================================================
Timing constraint: Default OFFSET OUT AFTER for Clock 'PB3'
  Total number of paths / destination ports: 3 / 3
-------------------------------------------------------------------------
Offset:              4.283ns (Levels of Logic = 1)
  Source:            A_8 (FF)
  Destination:       A<8> (PAD)
  Source Clock:      PB3 rising

  Data Path: A_8 to A<8>
                                Gate     Net
    Cell:in->out      fanout   Delay   Delay  Logical Name (Net Name)
    ----------------------------------------  ------------
     FD:C->Q               1   0.591   0.420  A_8 (A_8)
     OBUF:I->O                 3.272          A_8_OBUF (A<8>)
    ----------------------------------------
    Total                      4.283ns (3.863ns logic, 0.420ns route)
                                       (90.2% logic, 9.8% route)

=========================================================================
Timing constraint: Default OFFSET OUT AFTER for Clock 'PB2'
  Total number of paths / destination ports: 3 / 3
-------------------------------------------------------------------------
Offset:              4.283ns (Levels of Logic = 1)
  Source:            A_5 (FF)
  Destination:       A<5> (PAD)
  Source Clock:      PB2 rising

  Data Path: A_5 to A<5>
                                Gate     Net
    Cell:in->out      fanout   Delay   Delay  Logical Name (Net Name)
    ----------------------------------------  ------------
     FD:C->Q               1   0.591   0.420  A_5 (A_5)
     OBUF:I->O                 3.272          A_5_OBUF (A<5>)
    ----------------------------------------
    Total                      4.283ns (3.863ns logic, 0.420ns route)
                                       (90.2% logic, 9.8% route)

=========================================================================
Timing constraint: Default OFFSET OUT AFTER for Clock 'PB1'
  Total number of paths / destination ports: 3 / 3
-------------------------------------------------------------------------
Offset:              4.283ns (Levels of Logic = 1)
  Source:            A_2 (FF)
  Destination:       A<2> (PAD)
  Source Clock:      PB1 rising

  Data Path: A_2 to A<2>
                                Gate     Net
    Cell:in->out      fanout   Delay   Delay  Logical Name (Net Name)
    ----------------------------------------  ------------
     FD:C->Q               1   0.591   0.420  A_2 (A_2)
     OBUF:I->O                 3.272          A_2_OBUF (A<2>)
    ----------------------------------------
    Total                      4.283ns (3.863ns logic, 0.420ns route)
                                       (90.2% logic, 9.8% route)

=========================================================================


Total REAL time to Xst completion: 5.00 secs
Total CPU time to Xst completion: 4.85 secs
 
--> 


Total memory usage is 514364 kilobytes

Number of errors   :    0 (   0 filtered)
Number of warnings :    0 (   0 filtered)
Number of infos    :    0 (   0 filtered)

