--------------------------------------------------------------------------------
Release 14.7 Trace  (lin64)
Copyright (c) 1995-2013 Xilinx, Inc.  All rights reserved.

/opt/Xilinx/14.7/ISE_DS/ISE/bin/lin64/unwrapped/trce -intstyle ise -v 3 -s 4 -n
3 -fastpaths -xml grid_walk_top.twx grid_walk_top.ncd -o grid_walk_top.twr
grid_walk_top.pcf

Design file:              grid_walk_top.ncd
Physical constraint file: grid_walk_top.pcf
Device,package,speed:     xc3s500e,fg320,-4 (PRODUCTION 1.27 2013-10-13)
Report level:             verbose report

Environment Variable      Effect 
--------------------      ------ 
NONE                      No environment variables were set
--------------------------------------------------------------------------------

INFO:Timing:2698 - No timing constraints found, doing default enumeration.
INFO:Timing:3412 - To improve timing, see the Timing Closure User Guide (UG612).
INFO:Timing:2752 - To get complete path coverage, use the unconstrained paths 
   option. All paths that are not constrained will be reported in the 
   unconstrained paths section(s) of the report.
INFO:Timing:3339 - The clock-to-out numbers in this timing report are based on 
   a 50 Ohm transmission line loading model.  For the details of this model, 
   and for more information on accounting for different loading conditions, 
   please see the device datasheet.
INFO:Timing:3390 - This architecture does not support a default System Jitter 
   value, please add SYSTEM_JITTER constraint to the UCF to modify the Clock 
   Uncertainty calculation.
INFO:Timing:3389 - This architecture does not support 'Discrete Jitter' and 
   'Phase Error' calculations, these terms will be zero in the Clock 
   Uncertainty calculation.  Please make appropriate modification to 
   SYSTEM_JITTER to account for the unsupported Discrete Jitter and Phase 
   Error.



Data Sheet report:
-----------------
All values displayed in nanoseconds (ns)

Setup/Hold to clock clk
------------+------------+------------+------------------+--------+
            |Max Setup to|Max Hold to |                  | Clock  |
Source      | clk (edge) | clk (edge) |Internal Clock(s) | Phase  |
------------+------------+------------+------------------+--------+
ROT_A       |    2.608(R)|   -0.660(R)|clk_BUFGP         |   0.000|
ROT_B       |    2.668(R)|   -0.709(R)|clk_BUFGP         |   0.000|
Y<0>        |    0.451(R)|    0.846(R)|clk_BUFGP         |   0.000|
Y<1>        |    0.989(R)|    0.414(R)|clk_BUFGP         |   0.000|
Y<2>        |    0.786(R)|    0.576(R)|clk_BUFGP         |   0.000|
Y<3>        |    0.451(R)|    0.844(R)|clk_BUFGP         |   0.000|
------------+------------+------------+------------------+--------+

Clock clk to Pad
------------+------------+------------------+--------+
            | clk (edge) |                  | Clock  |
Destination |   to PAD   |Internal Clock(s) | Phase  |
------------+------------+------------------+--------+
final_x<0>  |    8.020(R)|clk_BUFGP         |   0.000|
final_x<1>  |    8.111(R)|clk_BUFGP         |   0.000|
final_x<2>  |    8.219(R)|clk_BUFGP         |   0.000|
final_x<3>  |    7.774(R)|clk_BUFGP         |   0.000|
final_y<0>  |    8.268(R)|clk_BUFGP         |   0.000|
final_y<1>  |    7.874(R)|clk_BUFGP         |   0.000|
final_y<2>  |    8.013(R)|clk_BUFGP         |   0.000|
final_y<3>  |    7.780(R)|clk_BUFGP         |   0.000|
------------+------------+------------------+--------+

Clock to Setup on destination clock clk
---------------+---------+---------+---------+---------+
               | Src:Rise| Src:Fall| Src:Rise| Src:Fall|
Source Clock   |Dest:Rise|Dest:Rise|Dest:Fall|Dest:Fall|
---------------+---------+---------+---------+---------+
clk            |    4.452|         |         |         |
---------------+---------+---------+---------+---------+


Analysis completed Mon Mar  4 11:48:32 2019 
--------------------------------------------------------------------------------

Trace Settings:
-------------------------
Trace Settings 

Peak Memory Usage: 356 MB



