MO grid_walk_top NULL grid_walk_top.v vlg52/grid__walk__top.bin 1551680051
MO grid_walk NULL grid_walk.v vlg00/grid__walk.bin 1551680051
MO five_bit_adder NULL five_bit_adder.v vlg57/five__bit__adder.bin 1551680051
MO full_adder NULL full_adder.v vlg5A/full__adder.bin 1551680051
MO is_rotation NULL is_rotation.v vlg43/is__rotation.bin 1551680051
