MO myinput NULL myinput.v vlg1E/myinput.bin 1551693075
MO full_adder NULL full_adder.v vlg5A/full__adder.bin 1551693075
MO seven_bit_adder_substractor NULL seven_bit_adder_substractor.v vlg25/seven__bit__adder__substractor.bin 1551693075
MO is_rotation NULL is_rotation.v vlg43/is__rotation.bin 1551693075
